---
http_interactions:
- request:
    method: post
    uri: https://api.zeropush.com/register
    body:
      encoding: US-ASCII
      string: device_token=abc
    headers:
      Authorization:
      - Token token="test_token"
      User-Agent:
      - Faraday v0.8.9
      Content-Type:
      - application/x-www-form-urlencoded
  response:
    status:
      code: 401
      message: 
    headers:
      server:
      - nginx
      date:
      - Tue, 06 May 2014 12:59:56 GMT
      content-type:
      - application/json; charset=utf-8
      transfer-encoding:
      - chunked
      connection:
      - close
      status:
      - 401 Unauthorized
      strict-transport-security:
      - max-age=31536000
      x-frame-options:
      - SAMEORIGIN
      x-xss-protection:
      - 1; mode=block
      x-content-type-options:
      - nosniff
      x-ua-compatible:
      - chrome=1
      cache-control:
      - no-cache
      x-request-id:
      - 4058b2c2-3f85-42c9-8db3-869f95cafdfa
    body:
      encoding: US-ASCII
      string: ! '{"error":"authorization error","message":"Please provide a valid
        auth_token parameter or HTTP Authorization header.","reference_url":"https://zeropush.com/documentation/api_reference"}'
    http_version: 
  recorded_at: Tue, 06 May 2014 12:59:57 GMT
- request:
    method: delete
    uri: https://api.zeropush.com/unregister?devicde_token=abc
    body:
      encoding: US-ASCII
      string: ''
    headers:
      Authorization:
      - Token token="test_token"
      User-Agent:
      - Faraday v0.8.9
  response:
    status:
      code: 401
      message: 
    headers:
      server:
      - nginx
      date:
      - Tue, 06 May 2014 12:59:57 GMT
      content-type:
      - application/json; charset=utf-8
      transfer-encoding:
      - chunked
      connection:
      - close
      status:
      - 401 Unauthorized
      strict-transport-security:
      - max-age=31536000
      x-frame-options:
      - SAMEORIGIN
      x-xss-protection:
      - 1; mode=block
      x-content-type-options:
      - nosniff
      x-ua-compatible:
      - chrome=1
      cache-control:
      - no-cache
      x-request-id:
      - 6751c763-c862-4cfe-b25c-44cd886951f6
    body:
      encoding: US-ASCII
      string: ! '{"error":"authorization error","message":"Please provide a valid
        auth_token parameter or HTTP Authorization header.","reference_url":"https://zeropush.com/documentation/api_reference"}'
    http_version: 
  recorded_at: Tue, 06 May 2014 12:59:57 GMT
- request:
    method: delete
    uri: https://api.zeropush.com/unregister?device_token=abc
    body:
      encoding: US-ASCII
      string: ''
    headers:
      Authorization:
      - Token token="test_token"
      User-Agent:
      - Faraday v0.8.9
  response:
    status:
      code: 401
      message: 
    headers:
      server:
      - nginx
      date:
      - Tue, 06 May 2014 13:05:51 GMT
      content-type:
      - application/json; charset=utf-8
      transfer-encoding:
      - chunked
      connection:
      - close
      status:
      - 401 Unauthorized
      strict-transport-security:
      - max-age=31536000
      x-frame-options:
      - SAMEORIGIN
      x-xss-protection:
      - 1; mode=block
      x-content-type-options:
      - nosniff
      x-ua-compatible:
      - chrome=1
      cache-control:
      - no-cache
      x-request-id:
      - a47352a9-2bb6-495f-b31b-484582a12b2c
    body:
      encoding: US-ASCII
      string: ! '{"error":"authorization error","message":"Please provide a valid
        auth_token parameter or HTTP Authorization header.","reference_url":"https://zeropush.com/documentation/api_reference"}'
    http_version: 
  recorded_at: Tue, 06 May 2014 13:05:51 GMT
recorded_with: VCR 2.4.0
